// Vitest Snapshot v1, https://vitest.dev/guide/snapshot.html

exports[`Summary Component > matches snapshot 1`] = `
<div>
  <div>
    <h1>
      APP ROUTE
    </h1>
    <div
      class="_summary_d70768"
      data-testid="summary-container"
    >
      <div
        class="_products_d70768"
      >
        <div
          class="_productCard_824104"
          data-testid="product-container"
        >
          <a
            data-discover="true"
            href="/shop/products/1"
          >
            <img
              alt="test"
              src="..."
            />
          </a>
          <div
            class="_input_824104"
          >
            <a
              data-discover="true"
              href="/shop/products/1"
            >
              test
            </a>
            <div>
              <h3>
                Total: 
                138
                 $
              </h3>
              <label
                for="quantity"
              />
              <button
                type="button"
              >
                -
              </button>
              <input
                id="quantity"
                max="100"
                min="1"
                type="number"
                value="2"
              />
              <button
                class="increment"
                type="button"
              >
                +
              </button>
            </div>
          </div>
          <button
            type="button"
          >
            X
          </button>
        </div>
      </div>
      <div
        class="_card_65c2c8"
        data-testid="checkout-container"
      >
        <div
          class="_info_65c2c8"
        >
          <h3>
            Subtotal:
          </h3>
          <h3>
            138
             $
          </h3>
        </div>
        <div
          class="_info_65c2c8"
        >
          <h3>
            Shipping:
          </h3>
          <h3>
            Free
          </h3>
        </div>
        <div
          class="_info_65c2c8"
        >
          <h2>
            Total:
          </h2>
          <h2>
            138
             $
          </h2>
        </div>
        <button>
          Checkout
        </button>
      </div>
    </div>
  </div>
</div>
`;
